// Jest Snapshot v1, https://goo.gl/fbAQLP

exports[`<Step One /> Renders the page 1`] = `ShallowWrapper {}`;
